// Jest Snapshot v1, https://goo.gl/fbAQLP

exports[`MenuItemForm Test matches snapshot 1`] = `
Object {
  "asFragment": [Function],
  "baseElement": <body>
    <div>
      <div
        class=""
      >
        <form
          class="MenuItemForm"
        >
          <div
            class="form-group"
          >
            <label
              class="d-inline-flex"
              for="type"
            >
              Select Type:  
            </label>
            <select
              class="form-control form-control-sm d-inline-flex"
              id="MenuItemForm-type"
              name="type"
            >
              <option
                value="drinks"
              >
                Drink
              </option>
              <option
                value="snacks"
              >
                Snack
              </option>
            </select>
          </div>
          <div
            class="form-group"
          >
            <label
              class="d-inline-flex"
              for="name"
            >
              Name:  
            </label>
            <input
              aria-label="Name"
              class="form-control"
              id="MenuItemForm-name"
              name="name"
              placeholder="Name"
              value=""
            />
          </div>
          <div
            class="form-group"
          >
            <label
              class="d-inline-flex"
              for="description"
            >
              Description:  
            </label>
            <input
              aria-label="Description"
              class="form-control"
              id="MenuItemForm-description"
              name="description"
              placeholder="Description"
              value=""
            />
          </div>
          <div
            class="form-group"
          >
            <label
              class="d-inline-flex"
              for="recipe"
            >
              Recipe:  
            </label>
            <textarea
              aria-label="Recipe"
              class="form-control"
              id="MenuItemForm-recipe"
              name="recipe"
              placeholder="Recipe"
            />
          </div>
          <div
            class="form-group"
          >
            <label
              class="d-inline-flex"
              for="serve"
            >
              Serving Instructions:  
            </label>
            <textarea
              aria-label="Serve"
              class="form-control"
              id="MenuItemForm-serve"
              name="serve"
              placeholder="Serve"
            />
          </div>
          <div
            class="form-group d-flex justify-content-between"
          >
            <button
              class="btn-primary rig btn btn-sm MenuItemForm-addBtn"
            >
              Add Item!
            </button>
          </div>
        </form>
      </div>
    </div>
  </body>,
  "container": <div>
    <div
      class=""
    >
      <form
        class="MenuItemForm"
      >
        <div
          class="form-group"
        >
          <label
            class="d-inline-flex"
            for="type"
          >
            Select Type:  
          </label>
          <select
            class="form-control form-control-sm d-inline-flex"
            id="MenuItemForm-type"
            name="type"
          >
            <option
              value="drinks"
            >
              Drink
            </option>
            <option
              value="snacks"
            >
              Snack
            </option>
          </select>
        </div>
        <div
          class="form-group"
        >
          <label
            class="d-inline-flex"
            for="name"
          >
            Name:  
          </label>
          <input
            aria-label="Name"
            class="form-control"
            id="MenuItemForm-name"
            name="name"
            placeholder="Name"
            value=""
          />
        </div>
        <div
          class="form-group"
        >
          <label
            class="d-inline-flex"
            for="description"
          >
            Description:  
          </label>
          <input
            aria-label="Description"
            class="form-control"
            id="MenuItemForm-description"
            name="description"
            placeholder="Description"
            value=""
          />
        </div>
        <div
          class="form-group"
        >
          <label
            class="d-inline-flex"
            for="recipe"
          >
            Recipe:  
          </label>
          <textarea
            aria-label="Recipe"
            class="form-control"
            id="MenuItemForm-recipe"
            name="recipe"
            placeholder="Recipe"
          />
        </div>
        <div
          class="form-group"
        >
          <label
            class="d-inline-flex"
            for="serve"
          >
            Serving Instructions:  
          </label>
          <textarea
            aria-label="Serve"
            class="form-control"
            id="MenuItemForm-serve"
            name="serve"
            placeholder="Serve"
          />
        </div>
        <div
          class="form-group d-flex justify-content-between"
        >
          <button
            class="btn-primary rig btn btn-sm MenuItemForm-addBtn"
          >
            Add Item!
          </button>
        </div>
      </form>
    </div>
  </div>,
  "debug": [Function],
  "findAllByAltText": [Function],
  "findAllByDisplayValue": [Function],
  "findAllByLabelText": [Function],
  "findAllByPlaceholderText": [Function],
  "findAllByRole": [Function],
  "findAllByTestId": [Function],
  "findAllByText": [Function],
  "findAllByTitle": [Function],
  "findByAltText": [Function],
  "findByDisplayValue": [Function],
  "findByLabelText": [Function],
  "findByPlaceholderText": [Function],
  "findByRole": [Function],
  "findByTestId": [Function],
  "findByText": [Function],
  "findByTitle": [Function],
  "getAllByAltText": [Function],
  "getAllByDisplayValue": [Function],
  "getAllByLabelText": [Function],
  "getAllByPlaceholderText": [Function],
  "getAllByRole": [Function],
  "getAllByTestId": [Function],
  "getAllByText": [Function],
  "getAllByTitle": [Function],
  "getByAltText": [Function],
  "getByDisplayValue": [Function],
  "getByLabelText": [Function],
  "getByPlaceholderText": [Function],
  "getByRole": [Function],
  "getByTestId": [Function],
  "getByText": [Function],
  "getByTitle": [Function],
  "queryAllByAltText": [Function],
  "queryAllByDisplayValue": [Function],
  "queryAllByLabelText": [Function],
  "queryAllByPlaceholderText": [Function],
  "queryAllByRole": [Function],
  "queryAllByTestId": [Function],
  "queryAllByText": [Function],
  "queryAllByTitle": [Function],
  "queryByAltText": [Function],
  "queryByDisplayValue": [Function],
  "queryByLabelText": [Function],
  "queryByPlaceholderText": [Function],
  "queryByRole": [Function],
  "queryByTestId": [Function],
  "queryByText": [Function],
  "queryByTitle": [Function],
  "rerender": [Function],
  "unmount": [Function],
}
`;
